// Jest Snapshot v1, https://goo.gl/fbAQLP

exports[`RepositoriesListItem item possui as seções com as informações 1`] = `
<div>
  <li
    class="main"
  >
    <header
      class="header"
    >
      <a
        href="https://github.com/felangel/bloc"
        rel="noreferrer"
        target="_blank"
      >
        <h4
          class="title"
        >
          bloc
        </h4>
      </a>
    </header>
    <section
      class="section"
    >
      <span
        class="sectionLabel"
      >
        Estrelas
      </span>
      <span
        class="sectionValue"
      >
        8538
      </span>
    </section>
    <section
      class="section"
    >
      <span
        class="sectionLabel"
      >
        Proprietario
      </span>
      <span
        class="sectionValue"
      >
        <div
          class="ownerInfo"
        >
          <img
            alt="felangel"
            src="https://avatars.githubusercontent.com/u/8855632?v=4"
          />
          <span>
            felangel
          </span>
        </div>
      </span>
    </section>
    <section
      class="section"
    >
      <span
        class="sectionLabel"
      >
        Descrição
      </span>
      <span
        class="sectionValue"
      >
        A predictable state management library that helps implement the BLoC design pattern
      </span>
    </section>
    <section
      class="section"
    >
      <span
        class="sectionLabel"
      >
        Tópicos
      </span>
      <span
        class="sectionValue"
      >
        angulardart, bloc, concurrency, dart, dart-library, dart-web, dartlang, flutter, flutter-package, library, state-management
      </span>
    </section>
    <section
      class="section"
    >
      <span
        class="sectionLabel"
      >
        Linguagem
      </span>
      <span
        class="sectionValue"
      >
        Dart
      </span>
    </section>
  </li>
</div>
`;
