// Jest Snapshot v1, https://goo.gl/fbAQLP

exports[`RepositoriesListItem renderiza os elementos da lista 1`] = `
<div>
  <ul
    class="main"
  >
    <li
      class="main"
    >
      <header
        class="header"
      >
        <a
          href="https://github.com/felangel/bloc"
          rel="noreferrer"
          target="_blank"
        >
          <h4
            class="title"
          >
            bloc
          </h4>
        </a>
      </header>
      <section
        class="section"
      >
        <span
          class="sectionLabel"
        >
          Estrelas
        </span>
        <span
          class="sectionValue"
        >
          8538
        </span>
      </section>
      <section
        class="section"
      >
        <span
          class="sectionLabel"
        >
          Proprietario
        </span>
        <span
          class="sectionValue"
        >
          <div
            class="ownerInfo"
          >
            <img
              alt="felangel"
              src="https://avatars.githubusercontent.com/u/8855632?v=4"
            />
            <span>
              felangel
            </span>
          </div>
        </span>
      </section>
      <section
        class="section"
      >
        <span
          class="sectionLabel"
        >
          Descrição
        </span>
        <span
          class="sectionValue"
        >
          A predictable state management library that helps implement the BLoC design pattern
        </span>
      </section>
      <section
        class="section"
      >
        <span
          class="sectionLabel"
        >
          Tópicos
        </span>
        <span
          class="sectionValue"
        >
          angulardart, bloc, concurrency, dart, dart-library, dart-web, dartlang, flutter, flutter-package, library, state-management
        </span>
      </section>
      <section
        class="section"
      >
        <span
          class="sectionLabel"
        >
          Linguagem
        </span>
        <span
          class="sectionValue"
        >
          Dart
        </span>
      </section>
    </li>
    <li
      class="main"
    >
      <header
        class="header"
      >
        <a
          href="https://github.com/flutterchina/dio"
          rel="noreferrer"
          target="_blank"
        >
          <h4
            class="title"
          >
            dio
          </h4>
        </a>
      </header>
      <section
        class="section"
      >
        <span
          class="sectionLabel"
        >
          Estrelas
        </span>
        <span
          class="sectionValue"
        >
          10397
        </span>
      </section>
      <section
        class="section"
      >
        <span
          class="sectionLabel"
        >
          Proprietario
        </span>
        <span
          class="sectionValue"
        >
          <div
            class="ownerInfo"
          >
            <img
              alt="flutterchina"
              src="https://avatars.githubusercontent.com/u/38549573?v=4"
            />
            <span>
              flutterchina
            </span>
          </div>
        </span>
      </section>
      <section
        class="section"
      >
        <span
          class="sectionLabel"
        >
          Descrição
        </span>
        <span
          class="sectionValue"
        >
          A powerful Http client for Dart, which supports Interceptors, FormData, Request Cancellation, File Downloading, Timeout etc.
        </span>
      </section>
      <section
        class="section"
      >
        <span
          class="sectionLabel"
        >
          Tópicos
        </span>
        <span
          class="sectionValue"
        >
          dart, flutter
        </span>
      </section>
      <section
        class="section"
      >
        <span
          class="sectionLabel"
        >
          Linguagem
        </span>
        <span
          class="sectionValue"
        >
          Dart
        </span>
      </section>
    </li>
  </ul>
</div>
`;
